// Jest Snapshot v1, https://goo.gl/fbAQLP

exports[`@simonkberg/eslint-config-react should match the snapshot 1`] = `
Object {
  "extends": Array [
    "@simonkberg/eslint-config",
    "standard-react",
  ],
}
`;
