// Jest Snapshot v1, https://goo.gl/fbAQLP

exports[`@simonkberg/eslint-config-react should match the snapshot 1`] = `
Object {
  "extends": Array [
    "<PROJECT_ROOT>/node_modules/@simonkberg/eslint-config/index.js",
    "<PROJECT_ROOT>/node_modules/@simonkberg/eslint-config/react.js",
  ],
}
`;
